../Core/Src/main.c:138:5:main	8	static
../Core/Src/main.c:246:6:SystemClock_Config	88	static
../Core/Src/main.c:303:13:MX_ADC3_Init	24	static
../Core/Src/main.c:355:13:MX_CRC_Init	8	static
../Core/Src/main.c:386:13:MX_USART1_UART_Init	8	static
../Core/Src/main.c:421:13:MX_GPIO_Init	72	static
../Core/Src/main.c:923:6:StartMainTask	24	static
../Core/Src/main.c:943:6:StartTerminalTask	16	static
../Core/Src/main.c:961:6:StartButtonTask	16	static
../Core/Src/main.c:973:6:LEDTimerCallback	16	static
../Core/Src/main.c:981:6:TransmitTimerCallback	16	static
../Core/Src/main.c:989:6:ButtonTimerCallback	16	static
../Core/Src/main.c:1004:6:HAL_TIM_PeriodElapsedCallback	16	static
../Core/Src/main.c:1021:6:Error_Handler	4	static,ignoring_inline_asm
