../Core/Src/main.c:215:5:main	8	static
../Core/Src/main.c:334:6:SystemClock_Config	88	static
../Core/Src/main.c:391:13:MX_ADC3_Init	24	static
../Core/Src/main.c:443:13:MX_CRC_Init	8	static
../Core/Src/main.c:474:13:MX_USART1_UART_Init	8	static
../Core/Src/main.c:509:13:MX_GPIO_Init	72	static
../Core/Src/main.c:1011:6:StartMainTask	32	static
../Core/Src/main.c:1183:6:StartTerminalTask	32	static
../Core/Src/main.c:1385:6:StartButtonTask	24	static
../Core/Src/main.c:1417:6:StartSingleLEDTask	24	static
../Core/Src/main.c:1526:6:ButtonTimerCallback	24	static
../Core/Src/main.c:1599:6:HAL_TIM_PeriodElapsedCallback	16	static
../Core/Src/main.c:1617:6:Error_Handler	4	static,ignoring_inline_asm
