15:33:30 **** Incremental Build of configuration Debug for project AirQualityDetectorRTOS ****
make -j8 all 
arm-none-eabi-gcc "../Core/Src/main.c" -mcpu=cortex-m7 -std=gnu11 -g3 -DDEBUG -DUSE_HAL_DRIVER -DSTM32F750xx -c -I../Core/Inc -I../Drivers/STM32F7xx_HAL_Driver/Inc -I../Drivers/STM32F7xx_HAL_Driver/Inc/Legacy -I../Drivers/CMSIS/Device/ST/STM32F7xx/Include -I../Drivers/CMSIS/Include -I../Middlewares/Third_Party/FreeRTOS/Source/include -I../Middlewares/Third_Party/FreeRTOS/Source/CMSIS_RTOS_V2 -I../Middlewares/Third_Party/FreeRTOS/Source/portable/GCC/ARM_CM7/r0p1 -O0 -ffunction-sections -fdata-sections -Wall -fstack-usage -fcyclomatic-complexity -MMD -MP -MF"Core/Src/main.d" -MT"Core/Src/main.o" --specs=nano.specs -mfpu=fpv5-sp-d16 -mfloat-abi=hard -mthumb -o "Core/Src/main.o"
../Core/Src/main.c: In function 'LEDTimerCallback':
../Core/Src/main.c:1088:15: warning: unused variable 'newLine' [-Wunused-variable]
 1088 |         char* newLine = "Uslo\n";
      |               ^~~~~~~
../Core/Src/main.c: At top level:
../Core/Src/main.c:157:13: warning: 'ErrorMSG' defined but not used [-Wunused-variable]
  157 | static char ErrorMSG[] = "Unknown command, type HELP to see all commands";
      |             ^~~~~~~~
../Core/Src/main.c:156:13: warning: 'FAN_OFF' defined but not used [-Wunused-variable]
  156 | static char FAN_OFF[] = "FAN stoped";
      |             ^~~~~~~
../Core/Src/main.c:155:13: warning: 'FAN_ON' defined but not used [-Wunused-variable]
  155 | static char FAN_ON[] = "FAN started";
      |             ^~~~~~
../Core/Src/main.c:154:13: warning: 'S5WorkStateMSG' defined but not used [-Wunused-variable]
  154 | static char S5WorkStateMSG[] = "S5 work regime selected";
      |             ^~~~~~~~~~~~~~
../Core/Src/main.c:153:13: warning: 'S3WorkStateMSG' defined but not used [-Wunused-variable]
  153 | static char S3WorkStateMSG[] = "S3 work regime selected";
      |             ^~~~~~~~~~~~~~
../Core/Src/main.c:152:13: warning: 'S1WorkStateMSG' defined but not used [-Wunused-variable]
  152 | static char S1WorkStateMSG[] = "S1 work regime selected";
      |             ^~~~~~~~~~~~~~
../Core/Src/main.c:151:13: warning: 'RoomClearedMSG' defined but not used [-Wunused-variable]
  151 | static char RoomClearedMSG[] = "Room cleared, it is now safe to return";
      |             ^~~~~~~~~~~~~~
../Core/Src/main.c:150:13: warning: 'AlertMSG' defined but not used [-Wunused-variable]
  150 | static char AlertMSG[] = "Dangerous leves of PPM in the room";
      |             ^~~~~~~~
../Core/Src/main.c:149:13: warning: 'PPM_MSG' defined but not used [-Wunused-variable]
  149 | static char PPM_MSG[] = "PPM = ";
      |             ^~~~~~~
../Core/Src/main.c:148:13: warning: 'IdleMSG' defined but not used [-Wunused-variable]
  148 | static char IdleMSG[] = "System waits for configuration";
      |             ^~~~~~~
arm-none-eabi-gcc -o "AirQualityDetectorRTOS.elf" @"objects.list"   -mcpu=cortex-m7 -T"C:\Users\Marko.Mandic\Desktop\Projekat_1_Update_3\ProjectFreeRTOS\AirQualityDetectorRTOS\STM32F750N8HX_FLASH.ld" --specs=nosys.specs -Wl,-Map="AirQualityDetectorRTOS.map" -Wl,--gc-sections -static --specs=nano.specs -mfpu=fpv5-sp-d16 -mfloat-abi=hard -mthumb -Wl,--start-group -lc -lm -Wl,--end-group
Finished building target: AirQualityDetectorRTOS.elf
 
arm-none-eabi-size  AirQualityDetectorRTOS.elf 
arm-none-eabi-objdump -h -S AirQualityDetectorRTOS.elf  > "AirQualityDetectorRTOS.list"
   text	   data	    bss	    dec	    hex	filename
  42416	    100	  21468	  63984	   f9f0	AirQualityDetectorRTOS.elf
Finished building: default.size.stdout
 
Finished building: AirQualityDetectorRTOS.list
 

15:33:32 Build Finished. 0 errors, 11 warnings. (took 1s.789ms)

